// Vitest Snapshot v1, https://vitest.dev/guide/snapshot.html

exports[`Can successfully get response from request handler "search" of source "books-to-scrape" 1`] = `
{
  "media": [
    {
      "files": [
        {
          "ext": "jpg",
          "image": true,
          "mimeType": "image/jpeg",
          "type": "full",
          "url": "https://books.toscrape.com/media/cache/2c/da/2cdad67c44b002e7ead0cc35693c0e8b.jpg",
          "video": false,
        },
      ],
      "id": "a-light-in-the-attic_1000",
      "mediaFinderSource": "books-to-scrape",
      "title": "A Light in the ...",
      "url": "https://books.toscrape.com/catalogue/a-light-in-the-attic_1000/index.html",
    },
    {
      "files": [
        {
          "ext": "jpg",
          "image": true,
          "mimeType": "image/jpeg",
          "type": "full",
          "url": "https://books.toscrape.com/media/cache/26/0c/260c6ae16bce31c8f8c95daddd9f4a1c.jpg",
          "video": false,
        },
      ],
      "id": "tipping-the-velvet_999",
      "mediaFinderSource": "books-to-scrape",
      "title": "Tipping the Velvet",
      "url": "https://books.toscrape.com/catalogue/tipping-the-velvet_999/index.html",
    },
    {
      "files": [
        {
          "ext": "jpg",
          "image": true,
          "mimeType": "image/jpeg",
          "type": "full",
          "url": "https://books.toscrape.com/media/cache/3e/ef/3eef99c9d9adef34639f510662022830.jpg",
          "video": false,
        },
      ],
      "id": "soumission_998",
      "mediaFinderSource": "books-to-scrape",
      "title": "Soumission",
      "url": "https://books.toscrape.com/catalogue/soumission_998/index.html",
    },
    {
      "files": [
        {
          "ext": "jpg",
          "image": true,
          "mimeType": "image/jpeg",
          "type": "full",
          "url": "https://books.toscrape.com/media/cache/32/51/3251cf3a3412f53f339e42cac2134093.jpg",
          "video": false,
        },
      ],
      "id": "sharp-objects_997",
      "mediaFinderSource": "books-to-scrape",
      "title": "Sharp Objects",
      "url": "https://books.toscrape.com/catalogue/sharp-objects_997/index.html",
    },
    {
      "files": [
        {
          "ext": "jpg",
          "image": true,
          "mimeType": "image/jpeg",
          "type": "full",
          "url": "https://books.toscrape.com/media/cache/be/a5/bea5697f2534a2f86a3ef27b5a8c12a6.jpg",
          "video": false,
        },
      ],
      "id": "sapiens-a-brief-history-of-humankind_996",
      "mediaFinderSource": "books-to-scrape",
      "title": "Sapiens: A Brief History ...",
      "url": "https://books.toscrape.com/catalogue/sapiens-a-brief-history-of-humankind_996/index.html",
    },
    {
      "files": [
        {
          "ext": "jpg",
          "image": true,
          "mimeType": "image/jpeg",
          "type": "full",
          "url": "https://books.toscrape.com/media/cache/68/33/68339b4c9bc034267e1da611ab3b34f8.jpg",
          "video": false,
        },
      ],
      "id": "the-requiem-red_995",
      "mediaFinderSource": "books-to-scrape",
      "title": "The Requiem Red",
      "url": "https://books.toscrape.com/catalogue/the-requiem-red_995/index.html",
    },
    {
      "files": [
        {
          "ext": "jpg",
          "image": true,
          "mimeType": "image/jpeg",
          "type": "full",
          "url": "https://books.toscrape.com/media/cache/92/27/92274a95b7c251fea59a2b8a78275ab4.jpg",
          "video": false,
        },
      ],
      "id": "the-dirty-little-secrets-of-getting-your-dream-job_994",
      "mediaFinderSource": "books-to-scrape",
      "title": "The Dirty Little Secrets ...",
      "url": "https://books.toscrape.com/catalogue/the-dirty-little-secrets-of-getting-your-dream-job_994/index.html",
    },
    {
      "files": [
        {
          "ext": "jpg",
          "image": true,
          "mimeType": "image/jpeg",
          "type": "full",
          "url": "https://books.toscrape.com/media/cache/3d/54/3d54940e57e662c4dd1f3ff00c78cc64.jpg",
          "video": false,
        },
      ],
      "id": "the-coming-woman-a-novel-based-on-the-life-of-the-infamous-feminist-victoria-woodhull_993",
      "mediaFinderSource": "books-to-scrape",
      "title": "The Coming Woman: A ...",
      "url": "https://books.toscrape.com/catalogue/the-coming-woman-a-novel-based-on-the-life-of-the-infamous-feminist-victoria-woodhull_993/index.html",
    },
    {
      "files": [
        {
          "ext": "jpg",
          "image": true,
          "mimeType": "image/jpeg",
          "type": "full",
          "url": "https://books.toscrape.com/media/cache/66/88/66883b91f6804b2323c8369331cb7dd1.jpg",
          "video": false,
        },
      ],
      "id": "the-boys-in-the-boat-nine-americans-and-their-epic-quest-for-gold-at-the-1936-berlin-olympics_992",
      "mediaFinderSource": "books-to-scrape",
      "title": "The Boys in the ...",
      "url": "https://books.toscrape.com/catalogue/the-boys-in-the-boat-nine-americans-and-their-epic-quest-for-gold-at-the-1936-berlin-olympics_992/index.html",
    },
    {
      "files": [
        {
          "ext": "jpg",
          "image": true,
          "mimeType": "image/jpeg",
          "type": "full",
          "url": "https://books.toscrape.com/media/cache/58/46/5846057e28022268153beff6d352b06c.jpg",
          "video": false,
        },
      ],
      "id": "the-black-maria_991",
      "mediaFinderSource": "books-to-scrape",
      "title": "The Black Maria",
      "url": "https://books.toscrape.com/catalogue/the-black-maria_991/index.html",
    },
    {
      "files": [
        {
          "ext": "jpg",
          "image": true,
          "mimeType": "image/jpeg",
          "type": "full",
          "url": "https://books.toscrape.com/media/cache/be/f4/bef44da28c98f905a3ebec0b87be8530.jpg",
          "video": false,
        },
      ],
      "id": "starving-hearts-triangular-trade-trilogy-1_990",
      "mediaFinderSource": "books-to-scrape",
      "title": "Starving Hearts (Triangular Trade ...",
      "url": "https://books.toscrape.com/catalogue/starving-hearts-triangular-trade-trilogy-1_990/index.html",
    },
    {
      "files": [
        {
          "ext": "jpg",
          "image": true,
          "mimeType": "image/jpeg",
          "type": "full",
          "url": "https://books.toscrape.com/media/cache/10/48/1048f63d3b5061cd2f424d20b3f9b666.jpg",
          "video": false,
        },
      ],
      "id": "shakespeares-sonnets_989",
      "mediaFinderSource": "books-to-scrape",
      "title": "Shakespeare's Sonnets",
      "url": "https://books.toscrape.com/catalogue/shakespeares-sonnets_989/index.html",
    },
    {
      "files": [
        {
          "ext": "jpg",
          "image": true,
          "mimeType": "image/jpeg",
          "type": "full",
          "url": "https://books.toscrape.com/media/cache/5b/88/5b88c52633f53cacf162c15f4f823153.jpg",
          "video": false,
        },
      ],
      "id": "set-me-free_988",
      "mediaFinderSource": "books-to-scrape",
      "title": "Set Me Free",
      "url": "https://books.toscrape.com/catalogue/set-me-free_988/index.html",
    },
    {
      "files": [
        {
          "ext": "jpg",
          "image": true,
          "mimeType": "image/jpeg",
          "type": "full",
          "url": "https://books.toscrape.com/media/cache/94/b1/94b1b8b244bce9677c2f29ccc890d4d2.jpg",
          "video": false,
        },
      ],
      "id": "scott-pilgrims-precious-little-life-scott-pilgrim-1_987",
      "mediaFinderSource": "books-to-scrape",
      "title": "Scott Pilgrim's Precious Little ...",
      "url": "https://books.toscrape.com/catalogue/scott-pilgrims-precious-little-life-scott-pilgrim-1_987/index.html",
    },
    {
      "files": [
        {
          "ext": "jpg",
          "image": true,
          "mimeType": "image/jpeg",
          "type": "full",
          "url": "https://books.toscrape.com/media/cache/81/c4/81c4a973364e17d01f217e1188253d5e.jpg",
          "video": false,
        },
      ],
      "id": "rip-it-up-and-start-again_986",
      "mediaFinderSource": "books-to-scrape",
      "title": "Rip it Up and ...",
      "url": "https://books.toscrape.com/catalogue/rip-it-up-and-start-again_986/index.html",
    },
    {
      "files": [
        {
          "ext": "jpg",
          "image": true,
          "mimeType": "image/jpeg",
          "type": "full",
          "url": "https://books.toscrape.com/media/cache/54/60/54607fe8945897cdcced0044103b10b6.jpg",
          "video": false,
        },
      ],
      "id": "our-band-could-be-your-life-scenes-from-the-american-indie-underground-1981-1991_985",
      "mediaFinderSource": "books-to-scrape",
      "title": "Our Band Could Be ...",
      "url": "https://books.toscrape.com/catalogue/our-band-could-be-your-life-scenes-from-the-american-indie-underground-1981-1991_985/index.html",
    },
    {
      "files": [
        {
          "ext": "jpg",
          "image": true,
          "mimeType": "image/jpeg",
          "type": "full",
          "url": "https://books.toscrape.com/media/cache/55/33/553310a7162dfbc2c6d19a84da0df9e1.jpg",
          "video": false,
        },
      ],
      "id": "olio_984",
      "mediaFinderSource": "books-to-scrape",
      "title": "Olio",
      "url": "https://books.toscrape.com/catalogue/olio_984/index.html",
    },
    {
      "files": [
        {
          "ext": "jpg",
          "image": true,
          "mimeType": "image/jpeg",
          "type": "full",
          "url": "https://books.toscrape.com/media/cache/09/a3/09a3aef48557576e1a85ba7efea8ecb7.jpg",
          "video": false,
        },
      ],
      "id": "mesaerion-the-best-science-fiction-stories-1800-1849_983",
      "mediaFinderSource": "books-to-scrape",
      "title": "Mesaerion: The Best Science ...",
      "url": "https://books.toscrape.com/catalogue/mesaerion-the-best-science-fiction-stories-1800-1849_983/index.html",
    },
    {
      "files": [
        {
          "ext": "jpg",
          "image": true,
          "mimeType": "image/jpeg",
          "type": "full",
          "url": "https://books.toscrape.com/media/cache/0b/bc/0bbcd0a6f4bcd81ccb1049a52736406e.jpg",
          "video": false,
        },
      ],
      "id": "libertarianism-for-beginners_982",
      "mediaFinderSource": "books-to-scrape",
      "title": "Libertarianism for Beginners",
      "url": "https://books.toscrape.com/catalogue/libertarianism-for-beginners_982/index.html",
    },
    {
      "files": [
        {
          "ext": "jpg",
          "image": true,
          "mimeType": "image/jpeg",
          "type": "full",
          "url": "https://books.toscrape.com/media/cache/27/a5/27a53d0bb95bdd88288eaf66c9230d7e.jpg",
          "video": false,
        },
      ],
      "id": "its-only-the-himalayas_981",
      "mediaFinderSource": "books-to-scrape",
      "title": "It's Only the Himalayas",
      "url": "https://books.toscrape.com/catalogue/its-only-the-himalayas_981/index.html",
    },
  ],
  "page": {
    "isLastPage": false,
    "pageFetchLimitReached": false,
    "pageNumber": 1,
    "paginationType": "offset",
    "totalPages": 1,
    "url": "https://books.toscrape.com/catalogue/category/books_1/index.html",
  },
  "request": {
    "pageNumber": 1,
    "queryType": "search",
    "source": "books-to-scrape",
  },
}
`;

exports[`Can successfully get response from request handler "search" of source "books-to-scrape" 2`] = `
{
  "media": [
    {
      "files": [
        {
          "ext": "jpg",
          "image": true,
          "mimeType": "image/jpeg",
          "type": "full",
          "url": "https://books.toscrape.com/media/cache/5d/72/5d72709c6a7a9584a4d1cf07648bfce1.jpg",
          "video": false,
        },
      ],
      "id": "in-her-wake_980",
      "mediaFinderSource": "books-to-scrape",
      "title": "In Her Wake",
      "url": "https://books.toscrape.com/catalogue/in-her-wake_980/index.html",
    },
    {
      "files": [
        {
          "ext": "jpg",
          "image": true,
          "mimeType": "image/jpeg",
          "type": "full",
          "url": "https://books.toscrape.com/media/cache/5c/c8/5cc8e107246cb478960d4f0aba1e1c8e.jpg",
          "video": false,
        },
      ],
      "id": "how-music-works_979",
      "mediaFinderSource": "books-to-scrape",
      "title": "How Music Works",
      "url": "https://books.toscrape.com/catalogue/how-music-works_979/index.html",
    },
    {
      "files": [
        {
          "ext": "jpg",
          "image": true,
          "mimeType": "image/jpeg",
          "type": "full",
          "url": "https://books.toscrape.com/media/cache/9f/59/9f59f01fa916a7bb8f0b28a4012179a4.jpg",
          "video": false,
        },
      ],
      "id": "foolproof-preserving-a-guide-to-small-batch-jams-jellies-pickles-condiments-and-more-a-foolproof-guide-to-making-small-batch-jams-jellies-pickles-condiments-and-more_978",
      "mediaFinderSource": "books-to-scrape",
      "title": "Foolproof Preserving: A Guide ...",
      "url": "https://books.toscrape.com/catalogue/foolproof-preserving-a-guide-to-small-batch-jams-jellies-pickles-condiments-and-more-a-foolproof-guide-to-making-small-batch-jams-jellies-pickles-condiments-and-more_978/index.html",
    },
    {
      "files": [
        {
          "ext": "jpg",
          "image": true,
          "mimeType": "image/jpeg",
          "type": "full",
          "url": "https://books.toscrape.com/media/cache/9c/2e/9c2e0eb8866b8e3f3b768994fd3d1c1a.jpg",
          "video": false,
        },
      ],
      "id": "chase-me-paris-nights-2_977",
      "mediaFinderSource": "books-to-scrape",
      "title": "Chase Me (Paris Nights ...",
      "url": "https://books.toscrape.com/catalogue/chase-me-paris-nights-2_977/index.html",
    },
    {
      "files": [
        {
          "ext": "jpg",
          "image": true,
          "mimeType": "image/jpeg",
          "type": "full",
          "url": "https://books.toscrape.com/media/cache/44/cc/44ccc99c8f82c33d4f9d2afa4ef25787.jpg",
          "video": false,
        },
      ],
      "id": "black-dust_976",
      "mediaFinderSource": "books-to-scrape",
      "title": "Black Dust",
      "url": "https://books.toscrape.com/catalogue/black-dust_976/index.html",
    },
    {
      "files": [
        {
          "ext": "jpg",
          "image": true,
          "mimeType": "image/jpeg",
          "type": "full",
          "url": "https://books.toscrape.com/media/cache/af/6e/af6e796160fe63e0cf19d44395c7ddf2.jpg",
          "video": false,
        },
      ],
      "id": "birdsong-a-story-in-pictures_975",
      "mediaFinderSource": "books-to-scrape",
      "title": "Birdsong: A Story in ...",
      "url": "https://books.toscrape.com/catalogue/birdsong-a-story-in-pictures_975/index.html",
    },
    {
      "files": [
        {
          "ext": "jpg",
          "image": true,
          "mimeType": "image/jpeg",
          "type": "full",
          "url": "https://books.toscrape.com/media/cache/ef/0b/ef0bed08de4e083dba5e20fdb98d9c36.jpg",
          "video": false,
        },
      ],
      "id": "americas-cradle-of-quarterbacks-western-pennsylvanias-football-factory-from-johnny-unitas-to-joe-montana_974",
      "mediaFinderSource": "books-to-scrape",
      "title": "America's Cradle of Quarterbacks: ...",
      "url": "https://books.toscrape.com/catalogue/americas-cradle-of-quarterbacks-western-pennsylvanias-football-factory-from-johnny-unitas-to-joe-montana_974/index.html",
    },
    {
      "files": [
        {
          "ext": "jpg",
          "image": true,
          "mimeType": "image/jpeg",
          "type": "full",
          "url": "https://books.toscrape.com/media/cache/d6/da/d6da0371958068bbaf39ea9c174275cd.jpg",
          "video": false,
        },
      ],
      "id": "aladdin-and-his-wonderful-lamp_973",
      "mediaFinderSource": "books-to-scrape",
      "title": "Aladdin and His Wonderful ...",
      "url": "https://books.toscrape.com/catalogue/aladdin-and-his-wonderful-lamp_973/index.html",
    },
    {
      "files": [
        {
          "ext": "jpg",
          "image": true,
          "mimeType": "image/jpeg",
          "type": "full",
          "url": "https://books.toscrape.com/media/cache/2e/98/2e98c332bf8563b584784971541c4445.jpg",
          "video": false,
        },
      ],
      "id": "worlds-elsewhere-journeys-around-shakespeares-globe_972",
      "mediaFinderSource": "books-to-scrape",
      "title": "Worlds Elsewhere: Journeys Around ...",
      "url": "https://books.toscrape.com/catalogue/worlds-elsewhere-journeys-around-shakespeares-globe_972/index.html",
    },
    {
      "files": [
        {
          "ext": "jpg",
          "image": true,
          "mimeType": "image/jpeg",
          "type": "full",
          "url": "https://books.toscrape.com/media/cache/a5/41/a5416b9646aaa7287baa287ec2590270.jpg",
          "video": false,
        },
      ],
      "id": "wall-and-piece_971",
      "mediaFinderSource": "books-to-scrape",
      "title": "Wall and Piece",
      "url": "https://books.toscrape.com/catalogue/wall-and-piece_971/index.html",
    },
    {
      "files": [
        {
          "ext": "jpg",
          "image": true,
          "mimeType": "image/jpeg",
          "type": "full",
          "url": "https://books.toscrape.com/media/cache/0f/7e/0f7ee69495c0df1d35723f012624a9f8.jpg",
          "video": false,
        },
      ],
      "id": "the-four-agreements-a-practical-guide-to-personal-freedom_970",
      "mediaFinderSource": "books-to-scrape",
      "title": "The Four Agreements: A ...",
      "url": "https://books.toscrape.com/catalogue/the-four-agreements-a-practical-guide-to-personal-freedom_970/index.html",
    },
    {
      "files": [
        {
          "ext": "jpg",
          "image": true,
          "mimeType": "image/jpeg",
          "type": "full",
          "url": "https://books.toscrape.com/media/cache/38/c5/38c56fba316c07305643a8065269594e.jpg",
          "video": false,
        },
      ],
      "id": "the-five-love-languages-how-to-express-heartfelt-commitment-to-your-mate_969",
      "mediaFinderSource": "books-to-scrape",
      "title": "The Five Love Languages: ...",
      "url": "https://books.toscrape.com/catalogue/the-five-love-languages-how-to-express-heartfelt-commitment-to-your-mate_969/index.html",
    },
    {
      "files": [
        {
          "ext": "jpg",
          "image": true,
          "mimeType": "image/jpeg",
          "type": "full",
          "url": "https://books.toscrape.com/media/cache/5d/7e/5d7ecde8e81513eba8a64c9fe000744b.jpg",
          "video": false,
        },
      ],
      "id": "the-elephant-tree_968",
      "mediaFinderSource": "books-to-scrape",
      "title": "The Elephant Tree",
      "url": "https://books.toscrape.com/catalogue/the-elephant-tree_968/index.html",
    },
    {
      "files": [
        {
          "ext": "jpg",
          "image": true,
          "mimeType": "image/jpeg",
          "type": "full",
          "url": "https://books.toscrape.com/media/cache/cf/bb/cfbb5e62715c6d888fd07794c9bab5d6.jpg",
          "video": false,
        },
      ],
      "id": "the-bear-and-the-piano_967",
      "mediaFinderSource": "books-to-scrape",
      "title": "The Bear and the ...",
      "url": "https://books.toscrape.com/catalogue/the-bear-and-the-piano_967/index.html",
    },
    {
      "files": [
        {
          "ext": "jpg",
          "image": true,
          "mimeType": "image/jpeg",
          "type": "full",
          "url": "https://books.toscrape.com/media/cache/65/71/6571919836ec51ed54f0050c31d8a0cd.jpg",
          "video": false,
        },
      ],
      "id": "sophies-world_966",
      "mediaFinderSource": "books-to-scrape",
      "title": "Sophie's World",
      "url": "https://books.toscrape.com/catalogue/sophies-world_966/index.html",
    },
    {
      "files": [
        {
          "ext": "jpg",
          "image": true,
          "mimeType": "image/jpeg",
          "type": "full",
          "url": "https://books.toscrape.com/media/cache/12/53/1253c21c5ef3c6d075c5fa3f5fecee6a.jpg",
          "video": false,
        },
      ],
      "id": "penny-maybe_965",
      "mediaFinderSource": "books-to-scrape",
      "title": "Penny Maybe",
      "url": "https://books.toscrape.com/catalogue/penny-maybe_965/index.html",
    },
    {
      "files": [
        {
          "ext": "jpg",
          "image": true,
          "mimeType": "image/jpeg",
          "type": "full",
          "url": "https://books.toscrape.com/media/cache/f5/88/f5889d038f5d8e949b494d147c2dcf54.jpg",
          "video": false,
        },
      ],
      "id": "maude-1883-1993she-grew-up-with-the-country_964",
      "mediaFinderSource": "books-to-scrape",
      "title": "Maude (1883-1993):She Grew Up ...",
      "url": "https://books.toscrape.com/catalogue/maude-1883-1993she-grew-up-with-the-country_964/index.html",
    },
    {
      "files": [
        {
          "ext": "jpg",
          "image": true,
          "mimeType": "image/jpeg",
          "type": "full",
          "url": "https://books.toscrape.com/media/cache/23/85/238570a1c284e730dbc737a7e631ae2b.jpg",
          "video": false,
        },
      ],
      "id": "in-a-dark-dark-wood_963",
      "mediaFinderSource": "books-to-scrape",
      "title": "In a Dark, Dark ...",
      "url": "https://books.toscrape.com/catalogue/in-a-dark-dark-wood_963/index.html",
    },
    {
      "files": [
        {
          "ext": "jpg",
          "image": true,
          "mimeType": "image/jpeg",
          "type": "full",
          "url": "https://books.toscrape.com/media/cache/e1/5c/e15c289ba58cea38519e1281e859f0c1.jpg",
          "video": false,
        },
      ],
      "id": "behind-closed-doors_962",
      "mediaFinderSource": "books-to-scrape",
      "title": "Behind Closed Doors",
      "url": "https://books.toscrape.com/catalogue/behind-closed-doors_962/index.html",
    },
    {
      "files": [
        {
          "ext": "jpg",
          "image": true,
          "mimeType": "image/jpeg",
          "type": "full",
          "url": "https://books.toscrape.com/media/cache/e9/20/e9203b733126c4a0832a1c7885dc27cf.jpg",
          "video": false,
        },
      ],
      "id": "you-cant-bury-them-all-poems_961",
      "mediaFinderSource": "books-to-scrape",
      "title": "You can't bury them ...",
      "url": "https://books.toscrape.com/catalogue/you-cant-bury-them-all-poems_961/index.html",
    },
  ],
  "page": {
    "isLastPage": false,
    "pageFetchLimitReached": false,
    "pageNumber": 1,
    "paginationType": "offset",
    "totalPages": 1,
    "url": "https://books.toscrape.com/catalogue/category/books_1/page-2.html",
  },
  "request": {
    "pageNumber": 2,
    "queryType": "search",
    "source": "books-to-scrape",
  },
}
`;

exports[`Can successfully get response from request handler "search" of source "books-to-scrape" 3`] = `
{
  "media": [
    {
      "files": [
        {
          "ext": "jpg",
          "image": true,
          "mimeType": "image/jpeg",
          "type": "full",
          "url": "https://books.toscrape.com/media/cache/ae/16/ae169bb5ae814e0fb900cdf9e99332a7.jpg",
          "video": false,
        },
      ],
      "id": "y-the-last-man-vol-1-unmanned-y-the-last-man-1_98",
      "mediaFinderSource": "books-to-scrape",
      "title": "Y: The Last Man, ...",
      "url": "https://books.toscrape.com/catalogue/y-the-last-man-vol-1-unmanned-y-the-last-man-1_98/index.html",
    },
    {
      "files": [
        {
          "ext": "jpg",
          "image": true,
          "mimeType": "image/jpeg",
          "type": "full",
          "url": "https://books.toscrape.com/media/cache/64/75/64752f8cdae54b164fb81bfd81accd55.jpg",
          "video": false,
        },
      ],
      "id": "the-wicked-the-divine-vol-1-the-faust-act-the-wicked-the-divine_86",
      "mediaFinderSource": "books-to-scrape",
      "title": "The Wicked + The ...",
      "url": "https://books.toscrape.com/catalogue/the-wicked-the-divine-vol-1-the-faust-act-the-wicked-the-divine_86/index.html",
    },
    {
      "files": [
        {
          "ext": "jpg",
          "image": true,
          "mimeType": "image/jpeg",
          "type": "full",
          "url": "https://books.toscrape.com/media/cache/56/ea/56eac75378feb4cab0dcb9d2101cf58b.jpg",
          "video": false,
        },
      ],
      "id": "the-sandman-vol-1-preludes-and-nocturnes-the-sandman-volumes-1_79",
      "mediaFinderSource": "books-to-scrape",
      "title": "The Sandman, Vol. 1: ...",
      "url": "https://books.toscrape.com/catalogue/the-sandman-vol-1-preludes-and-nocturnes-the-sandman-volumes-1_79/index.html",
    },
    {
      "files": [
        {
          "ext": "jpg",
          "image": true,
          "mimeType": "image/jpeg",
          "type": "full",
          "url": "https://books.toscrape.com/media/cache/a6/f8/a6f889e0ba02be31875d3a324090ef5e.jpg",
          "video": false,
        },
      ],
      "id": "the-complete-maus-maus-1-2_62",
      "mediaFinderSource": "books-to-scrape",
      "title": "The Complete Maus (Maus ...",
      "url": "https://books.toscrape.com/catalogue/the-complete-maus-maus-1-2_62/index.html",
    },
    {
      "files": [
        {
          "ext": "jpg",
          "image": true,
          "mimeType": "image/jpeg",
          "type": "full",
          "url": "https://books.toscrape.com/media/cache/6c/60/6c607509837e2b362ffd7c0e15e7b1f9.jpg",
          "video": false,
        },
      ],
      "id": "skip-beat-vol-01-skip-beat-1_55",
      "mediaFinderSource": "books-to-scrape",
      "title": "Skip Beat!, Vol. 01 ...",
      "url": "https://books.toscrape.com/catalogue/skip-beat-vol-01-skip-beat-1_55/index.html",
    },
    {
      "files": [
        {
          "ext": "jpg",
          "image": true,
          "mimeType": "image/jpeg",
          "type": "full",
          "url": "https://books.toscrape.com/media/cache/c6/ca/c6cab3f679acb45fd2eba092ec9f6a2a.jpg",
          "video": false,
        },
      ],
      "id": "saga-volume-1-saga-collected-editions-1_48",
      "mediaFinderSource": "books-to-scrape",
      "title": "Saga, Volume 1 (Saga ...",
      "url": "https://books.toscrape.com/catalogue/saga-volume-1-saga-collected-editions-1_48/index.html",
    },
    {
      "files": [
        {
          "ext": "jpg",
          "image": true,
          "mimeType": "image/jpeg",
          "type": "full",
          "url": "https://books.toscrape.com/media/cache/0d/22/0d22f9ee696b7443d1573e7752645c6d.jpg",
          "video": false,
        },
      ],
      "id": "rat-queens-vol-1-sass-sorcery-rat-queens-collected-editions-1-5_46",
      "mediaFinderSource": "books-to-scrape",
      "title": "Rat Queens, Vol. 1: ...",
      "url": "https://books.toscrape.com/catalogue/rat-queens-vol-1-sass-sorcery-rat-queens-collected-editions-1-5_46/index.html",
    },
    {
      "files": [
        {
          "ext": "jpg",
          "image": true,
          "mimeType": "image/jpeg",
          "type": "full",
          "url": "https://books.toscrape.com/media/cache/87/2b/872ba3b06a97e6662770bc2152595b84.jpg",
          "video": false,
        },
      ],
      "id": "paper-girls-vol-1-paper-girls-1-5_44",
      "mediaFinderSource": "books-to-scrape",
      "title": "Paper Girls, Vol. 1 ...",
      "url": "https://books.toscrape.com/catalogue/paper-girls-vol-1-paper-girls-1-5_44/index.html",
    },
    {
      "files": [
        {
          "ext": "jpg",
          "image": true,
          "mimeType": "image/jpeg",
          "type": "full",
          "url": "https://books.toscrape.com/media/cache/d5/c5/d5c5a6ebf05b68bee78a38a8ea62305d.jpg",
          "video": false,
        },
      ],
      "id": "ouran-high-school-host-club-vol-1-ouran-high-school-host-club-1_43",
      "mediaFinderSource": "books-to-scrape",
      "title": "Ouran High School Host ...",
      "url": "https://books.toscrape.com/catalogue/ouran-high-school-host-club-vol-1-ouran-high-school-host-club-1_43/index.html",
    },
    {
      "files": [
        {
          "ext": "jpg",
          "image": true,
          "mimeType": "image/jpeg",
          "type": "full",
          "url": "https://books.toscrape.com/media/cache/f4/96/f496db4d78639e233978ae2bee021752.jpg",
          "video": false,
        },
      ],
      "id": "ms-marvel-vol-1-no-normal-ms-marvel-2014-2015-1_34",
      "mediaFinderSource": "books-to-scrape",
      "title": "Ms. Marvel, Vol. 1: ...",
      "url": "https://books.toscrape.com/catalogue/ms-marvel-vol-1-no-normal-ms-marvel-2014-2015-1_34/index.html",
    },
    {
      "files": [
        {
          "ext": "jpg",
          "image": true,
          "mimeType": "image/jpeg",
          "type": "full",
          "url": "https://books.toscrape.com/media/cache/16/46/16460146a1a8b99c82da027368383ade.jpg",
          "video": false,
        },
      ],
      "id": "hawkeye-vol-1-my-life-as-a-weapon-hawkeye-1_24",
      "mediaFinderSource": "books-to-scrape",
      "title": "Hawkeye, Vol. 1: My ...",
      "url": "https://books.toscrape.com/catalogue/hawkeye-vol-1-my-life-as-a-weapon-hawkeye-1_24/index.html",
    },
    {
      "files": [
        {
          "ext": "jpg",
          "image": true,
          "mimeType": "image/jpeg",
          "type": "full",
          "url": "https://books.toscrape.com/media/cache/35/0b/350b1224dc46533851d5a34134e44842.jpg",
          "video": false,
        },
      ],
      "id": "giant-days-vol-1-giant-days-1-4_22",
      "mediaFinderSource": "books-to-scrape",
      "title": "Giant Days, Vol. 1 ...",
      "url": "https://books.toscrape.com/catalogue/giant-days-vol-1-giant-days-1-4_22/index.html",
    },
    {
      "files": [
        {
          "ext": "jpg",
          "image": true,
          "mimeType": "image/jpeg",
          "type": "full",
          "url": "https://books.toscrape.com/media/cache/7c/c1/7cc13a8fb238202250e87843c1a62f94.jpg",
          "video": false,
        },
      ],
      "id": "fruits-basket-vol-1-fruits-basket-1_21",
      "mediaFinderSource": "books-to-scrape",
      "title": "Fruits Basket, Vol. 1 ...",
      "url": "https://books.toscrape.com/catalogue/fruits-basket-vol-1-fruits-basket-1_21/index.html",
    },
    {
      "files": [
        {
          "ext": "jpg",
          "image": true,
          "mimeType": "image/jpeg",
          "type": "full",
          "url": "https://books.toscrape.com/media/cache/a8/38/a8383903c98af18b898b9d70d5be2c16.jpg",
          "video": false,
        },
      ],
      "id": "bleach-vol-1-strawberry-and-the-soul-reapers-bleach-1_7",
      "mediaFinderSource": "books-to-scrape",
      "title": "Bleach, Vol. 1: Strawberry ...",
      "url": "https://books.toscrape.com/catalogue/bleach-vol-1-strawberry-and-the-soul-reapers-bleach-1_7/index.html",
    },
    {
      "files": [
        {
          "ext": "jpg",
          "image": true,
          "mimeType": "image/jpeg",
          "type": "full",
          "url": "https://books.toscrape.com/media/cache/09/7c/097cb5ecc6fb3fbe1690cf0cbdea4ac5.jpg",
          "video": false,
        },
      ],
      "id": "ajin-demi-human-volume-1-ajin-demi-human-1_4",
      "mediaFinderSource": "books-to-scrape",
      "title": "Ajin: Demi-Human, Volume 1 ...",
      "url": "https://books.toscrape.com/catalogue/ajin-demi-human-volume-1-ajin-demi-human-1_4/index.html",
    },
  ],
  "page": {
    "isLastPage": true,
    "pageFetchLimitReached": false,
    "pageNumber": 1,
    "paginationType": "offset",
    "totalPages": 1,
    "url": "https://books.toscrape.com/catalogue/category/books/sequential-art_5/page-4.html",
  },
  "request": {
    "category": "Sequential Art",
    "pageNumber": 4,
    "queryType": "search",
    "source": "books-to-scrape",
  },
}
`;

exports[`Can successfully get response from request handler "search" of source "books-to-scrape" 4`] = `null`;

exports[`Can successfully get response from request handler "search" of source "books-to-scrape" 5`] = `
{
  "media": [
    {
      "files": [
        {
          "ext": "jpg",
          "image": true,
          "mimeType": "image/jpeg",
          "type": "full",
          "url": "https://books.toscrape.com/media/cache/61/2c/612caeb0b2acb35c100629f0f52a40d7.jpg",
          "video": false,
        },
      ],
      "id": "the-book-of-basketball-the-nba-according-to-the-sports-guy_232",
      "mediaFinderSource": "books-to-scrape",
      "title": "The Book of Basketball: ...",
      "url": "https://books.toscrape.com/catalogue/the-book-of-basketball-the-nba-according-to-the-sports-guy_232/index.html",
    },
    {
      "files": [
        {
          "ext": "jpg",
          "image": true,
          "mimeType": "image/jpeg",
          "type": "full",
          "url": "https://books.toscrape.com/media/cache/7d/cf/7dcf6c3b419bf7e7e3b3b8162b177869.jpg",
          "video": false,
        },
      ],
      "id": "friday-night-lights-a-town-a-team-and-a-dream_158",
      "mediaFinderSource": "books-to-scrape",
      "title": "Friday Night Lights: A ...",
      "url": "https://books.toscrape.com/catalogue/friday-night-lights-a-town-a-team-and-a-dream_158/index.html",
    },
    {
      "files": [
        {
          "ext": "jpg",
          "image": true,
          "mimeType": "image/jpeg",
          "type": "full",
          "url": "https://books.toscrape.com/media/cache/c3/a9/c3a90a5baa833a37c29c4b03a444737c.jpg",
          "video": false,
        },
      ],
      "id": "sugar-rush-offensive-line-2_108",
      "mediaFinderSource": "books-to-scrape",
      "title": "Sugar Rush (Offensive Line ...",
      "url": "https://books.toscrape.com/catalogue/sugar-rush-offensive-line-2_108/index.html",
    },
    {
      "files": [
        {
          "ext": "jpg",
          "image": true,
          "mimeType": "image/jpeg",
          "type": "full",
          "url": "https://books.toscrape.com/media/cache/9b/4e/9b4ece2ab5a6335c8594c878e2f22df1.jpg",
          "video": false,
        },
      ],
      "id": "settling-the-score-the-summer-games-1_50",
      "mediaFinderSource": "books-to-scrape",
      "title": "Settling the Score (The ...",
      "url": "https://books.toscrape.com/catalogue/settling-the-score-the-summer-games-1_50/index.html",
    },
    {
      "files": [
        {
          "ext": "jpg",
          "image": true,
          "mimeType": "image/jpeg",
          "type": "full",
          "url": "https://books.toscrape.com/media/cache/8d/1e/8d1e285bf672b2ea66879490cc5f6904.jpg",
          "video": false,
        },
      ],
      "id": "icing-aces-hockey-2_25",
      "mediaFinderSource": "books-to-scrape",
      "title": "Icing (Aces Hockey #2)",
      "url": "https://books.toscrape.com/catalogue/icing-aces-hockey-2_25/index.html",
    },
  ],
  "page": {
    "isLastPage": true,
    "pageFetchLimitReached": false,
    "pageNumber": 1,
    "paginationType": "offset",
    "totalPages": 1,
    "url": "https://books.toscrape.com/catalogue/category/books/sports-and-games_17/index.html",
  },
  "request": {
    "category": "Sports and Games",
    "pageNumber": 1,
    "queryType": "search",
    "source": "books-to-scrape",
  },
}
`;

exports[`Can successfully get response from request handler "single-media" of source "books-to-scrape" 1`] = `
{
  "media": [
    {
      "description": "“Wherever you go, whatever you do, just . . . don’t do anything stupid.” —My MotherDuring her yearlong adventure backpacking from South Africa to Singapore, S. Bedford definitely did a few things her mother might classify as "stupid." She swam with great white sharks in South Africa, ran from lions in Zimbabwe, climbed a Himalayan mountain without training in Nepal, and wa “Wherever you go, whatever you do, just . . . don’t do anything stupid.” —My MotherDuring her yearlong adventure backpacking from South Africa to Singapore, S. Bedford definitely did a few things her mother might classify as "stupid." She swam with great white sharks in South Africa, ran from lions in Zimbabwe, climbed a Himalayan mountain without training in Nepal, and watched as her friend was attacked by a monkey in Indonesia.But interspersed in those slightly more crazy moments, Sue Bedfored and her friend "Sara the Stoic" experienced the sights, sounds, life, and culture of fifteen countries. Joined along the way by a few friends and their aging fathers here and there, Sue and Sara experience the trip of a lifetime. They fall in love with the world, cultivate an appreciation for home, and discover who, or what, they want to become.It's Only the Himalayas is the incredibly funny, sometimes outlandish, always entertaining confession of a young backpacker that will inspire you to take your own adventure. ...more",
      "files": [
        {
          "ext": "jpg",
          "image": true,
          "mimeType": "image/jpeg",
          "type": "full",
          "url": "https://books.toscrape.com/media/cache/6d/41/6d418a73cc7d4ecfd75ca11d854041db.jpg",
          "video": false,
        },
      ],
      "id": "its-only-the-himalayas_981",
      "mediaFinderSource": "books-to-scrape",
      "title": "It's Only the Himalayas",
      "url": "https://books.toscrape.com/catalogue/its-only-the-himalayas_981/index.html",
    },
  ],
  "request": {
    "id": "its-only-the-himalayas_981",
    "queryType": "single-media",
    "source": "books-to-scrape",
  },
}
`;
